199 INFO: PyInstaller: 6.22.2, contrib hooks: 2026.6
200 INFO: Python: 3.12.10
266 INFO: Platform: Windows-11-10.0.26200-SP0
266 INFO: Python environment: D:\G-Drive\RY-DEV\fincompass\.venv
267 INFO: wrote D:\G-Drive\RY-DEV\fincompass\FinCompass.spec
272 INFO: Removing temporary files and cleaning cache in C:\Users\rajee\AppData\Local\pyinstaller
1892 WARNING: Failed to collect submodules for 'sklearn.externals.array_api_compat.torch' because importing 'sklearn.externals.array_api_compat.torch' raised: ModuleNotFoundError: No module named 'torch'
3460 INFO: Module search paths (PYTHONPATH):
['D:\\G-Drive\\RY-DEV\\fincompass',
 'C:\\Program Files\\Python312\\python312.zip',
 'C:\\Program Files\\Python312\\DLLs',
 'C:\\Program Files\\Python312\\Lib',
 'C:\\Program Files\\Python312',
 'D:\\G-Drive\\RY-DEV\\fincompass\\.venv',
 'D:\\G-Drive\\RY-DEV\\fincompass\\.venv\\Lib\\site-packages',
 'D:\\G-Drive\\RY-DEV\\fincompass']
3946 INFO: Appending 'datas' from .spec
3950 INFO: checking Analysis
3950 INFO: Building Analysis because Analysis-00.toc is non existent
3950 INFO: Looking for Python shared library...
3950 INFO: Using Python shared library: C:\Program Files\Python312\python312.dll
3950 INFO: Running Analysis Analysis-00.toc
3950 INFO: Target bytecode optimization level: 0
3950 INFO: Initializing module dependency graph...
3952 INFO: Initializing module graph hook caches...
3965 INFO: Analyzing modules for base_library.zip ...
5380 INFO: Processing standard module hook 'hook-heapq.py' from 'D:\\G-Drive\\RY-DEV\\fincompass\\.venv\\Lib\\site-packages\\PyInstaller\\hooks'
5463 INFO: Processing standard module hook 'hook-encodings.py' from 'D:\\G-Drive\\RY-DEV\\fincompass\\.venv\\Lib\\site-packages\\PyInstaller\\hooks'
6926 INFO: Processing standard module hook 'hook-math.py' from 'D:\\G-Drive\\RY-DEV\\fincompass\\.venv\\Lib\\site-packages\\PyInstaller\\hooks'
7152 INFO: Processing standard module hook 'hook-pickle.py' from 'D:\\G-Drive\\RY-DEV\\fincompass\\.venv\\Lib\\site-packages\\PyInstaller\\hooks'
8563 INFO: Caching module dependency graph...
8599 INFO: Analyzing D:\G-Drive\RY-DEV\fincompass\run_fincompass.py
8614 INFO: Processing standard module hook 'hook-webbrowser.py' from 'D:\\G-Drive\\RY-DEV\\fincompass\\.venv\\Lib\\site-packages\\PyInstaller\\hooks'
8633 INFO: Processing standard module hook 'hook-uvicorn.py' from 'D:\\G-Drive\\RY-DEV\\fincompass\\.venv\\Lib\\site-packages\\_pyinstaller_hooks_contrib\\stdhooks'
9301 INFO: Processing standard module hook 'hook-multiprocessing.util.py' from 'D:\\G-Drive\\RY-DEV\\fincompass\\.venv\\Lib\\site-packages\\PyInstaller\\hooks'
9427 INFO: Processing standard module hook 'hook-xml.py' from 'D:\\G-Drive\\RY-DEV\\fincompass\\.venv\\Lib\\site-packages\\PyInstaller\\hooks'
9647 INFO: Processing standard module hook 'hook-_ctypes.py' from 'D:\\G-Drive\\RY-DEV\\fincompass\\.venv\\Lib\\site-packages\\PyInstaller\\hooks'
10131 INFO: Processing pre-safe-import-module hook 'hook-typing_extensions.py' from 'D:\\G-Drive\\RY-DEV\\fincompass\\.venv\\Lib\\site-packages\\PyInstaller\\hooks\\pre_safe_import_module'
10131 INFO: SetuptoolsInfo: initializing cached setuptools info...
11165 INFO: Processing standard module hook 'hook-platform.py' from 'D:\\G-Drive\\RY-DEV\\fincompass\\.venv\\Lib\\site-packages\\PyInstaller\\hooks'
11427 INFO: Processing standard module hook 'hook-difflib.py' from 'D:\\G-Drive\\RY-DEV\\fincompass\\.venv\\Lib\\site-packages\\PyInstaller\\hooks'
11676 INFO: Processing standard module hook 'hook-websockets.py' from 'D:\\G-Drive\\RY-DEV\\fincompass\\.venv\\Lib\\site-packages\\_pyinstaller_hooks_contrib\\stdhooks'
12571 INFO: Processing standard module hook 'hook-anyio.py' from 'D:\\G-Drive\\RY-DEV\\fincompass\\.venv\\Lib\\site-packages\\_pyinstaller_hooks_contrib\\stdhooks'
13764 INFO: Processing standard module hook 'hook-pydantic.py' from 'D:\\G-Drive\\RY-DEV\\fincompass\\.venv\\Lib\\site-packages\\_pyinstaller_hooks_contrib\\stdhooks'
14631 INFO: Processing standard module hook 'hook-zoneinfo.py' from 'D:\\G-Drive\\RY-DEV\\fincompass\\.venv\\Lib\\site-packages\\_pyinstaller_hooks_contrib\\stdhooks'
14658 INFO: Processing standard module hook 'hook-sysconfig.py' from 'D:\\G-Drive\\RY-DEV\\fincompass\\.venv\\Lib\\site-packages\\PyInstaller\\hooks'
15876 INFO: Processing standard module hook 'hook-sqlite3.py' from 'D:\\G-Drive\\RY-DEV\\fincompass\\.venv\\Lib\\site-packages\\PyInstaller\\hooks'
16276 INFO: Processing standard module hook 'hook-pandas.py' from 'D:\\G-Drive\\RY-DEV\\fincompass\\.venv\\Lib\\site-packages\\PyInstaller\\hooks'
17678 INFO: Processing standard module hook 'hook-numpy.py' from 'D:\\G-Drive\\RY-DEV\\fincompass\\.venv\\Lib\\site-packages\\PyInstaller\\hooks'
19827 INFO: Processing standard module hook 'hook-charset_normalizer.py' from 'D:\\G-Drive\\RY-DEV\\fincompass\\.venv\\Lib\\site-packages\\_pyinstaller_hooks_contrib\\stdhooks'
20444 INFO: Processing standard module hook 'hook-scipy.py' from 'D:\\G-Drive\\RY-DEV\\fincompass\\.venv\\Lib\\site-packages\\PyInstaller\\hooks'
21327 INFO: Processing standard module hook 'hook-pytest.py' from 'D:\\G-Drive\\RY-DEV\\fincompass\\.venv\\Lib\\site-packages\\_pyinstaller_hooks_contrib\\stdhooks'
21576 INFO: Processing standard module hook 'hook-pygments.py' from 'D:\\G-Drive\\RY-DEV\\fincompass\\.venv\\Lib\\site-packages\\PyInstaller\\hooks'
23498 INFO: Processing standard module hook 'hook-py.py' from 'D:\\G-Drive\\RY-DEV\\fincompass\\.venv\\Lib\\site-packages\\_pyinstaller_hooks_contrib\\stdhooks'
23881 INFO: Processing pre-safe-import-module hook 'hook-packaging.py' from 'D:\\G-Drive\\RY-DEV\\fincompass\\.venv\\Lib\\site-packages\\PyInstaller\\hooks\\pre_safe_import_module'
24077 INFO: Processing pre-safe-import-module hook 'hook-tomli.py' from 'D:\\G-Drive\\RY-DEV\\fincompass\\.venv\\Lib\\site-packages\\PyInstaller\\hooks\\pre_safe_import_module'
24077 INFO: Setuptools: 'tomli' appears to be a setuptools-vendored copy - creating alias to 'setuptools._vendor.tomli'!
24092 INFO: Processing standard module hook 'hook-setuptools.py' from 'D:\\G-Drive\\RY-DEV\\fincompass\\.venv\\Lib\\site-packages\\PyInstaller\\hooks'
24098 INFO: Processing pre-safe-import-module hook 'hook-distutils.py' from 'D:\\G-Drive\\RY-DEV\\fincompass\\.venv\\Lib\\site-packages\\PyInstaller\\hooks\\pre_safe_import_module'
24127 INFO: Processing pre-safe-import-module hook 'hook-jaraco.py' from 'D:\\G-Drive\\RY-DEV\\fincompass\\.venv\\Lib\\site-packages\\PyInstaller\\hooks\\pre_safe_import_module'
24127 INFO: Setuptools: 'jaraco' appears to be a full setuptools-vendored copy - creating alias to 'setuptools._vendor.jaraco'!
24147 INFO: Processing pre-safe-import-module hook 'hook-more_itertools.py' from 'D:\\G-Drive\\RY-DEV\\fincompass\\.venv\\Lib\\site-packages\\PyInstaller\\hooks\\pre_safe_import_module'
24148 INFO: Setuptools: 'more_itertools' appears to be a setuptools-vendored copy - creating alias to 'setuptools._vendor.more_itertools'!
24293 INFO: Processing standard module hook 'hook-_osx_support.py' from 'D:\\G-Drive\\RY-DEV\\fincompass\\.venv\\Lib\\site-packages\\PyInstaller\\hooks'
24537 INFO: Processing standard module hook 'hook-setuptools._vendor.jaraco.text.py' from 'D:\\G-Drive\\RY-DEV\\fincompass\\.venv\\Lib\\site-packages\\PyInstaller\\hooks'
24538 INFO: Processing pre-safe-import-module hook 'hook-importlib_resources.py' from 'D:\\G-Drive\\RY-DEV\\fincompass\\.venv\\Lib\\site-packages\\PyInstaller\\hooks\\pre_safe_import_module'
24546 INFO: Processing pre-safe-import-module hook 'hook-backports.py' from 'D:\\G-Drive\\RY-DEV\\fincompass\\.venv\\Lib\\site-packages\\PyInstaller\\hooks\\pre_safe_import_module'
24547 INFO: Setuptools: 'backports' appears to be a full setuptools-vendored copy - creating alias to 'setuptools._vendor.backports'!
25457 INFO: Processing pre-safe-import-module hook 'hook-wheel.py' from 'D:\\G-Drive\\RY-DEV\\fincompass\\.venv\\Lib\\site-packages\\PyInstaller\\hooks\\pre_safe_import_module'
25457 INFO: Setuptools: 'wheel' appears to be a setuptools-vendored copy - creating alias to 'setuptools._vendor.wheel'!
26374 INFO: Processing standard module hook 'hook-pycparser.py' from 'D:\\G-Drive\\RY-DEV\\fincompass\\.venv\\Lib\\site-packages\\_pyinstaller_hooks_contrib\\stdhooks'
27426 INFO: Processing standard module hook 'hook-scipy.linalg.py' from 'D:\\G-Drive\\RY-DEV\\fincompass\\.venv\\Lib\\site-packages\\PyInstaller\\hooks'
27597 INFO: Processing standard module hook 'hook-scipy.special._ufuncs.py' from 'D:\\G-Drive\\RY-DEV\\fincompass\\.venv\\Lib\\site-packages\\PyInstaller\\hooks'
28897 INFO: Processing standard module hook 'hook-scipy.spatial._ckdtree.py' from 'D:\\G-Drive\\RY-DEV\\fincompass\\.venv\\Lib\\site-packages\\PyInstaller\\hooks'
29650 INFO: Processing standard module hook 'hook-scipy.spatial.transform.rotation.py' from 'D:\\G-Drive\\RY-DEV\\fincompass\\.venv\\Lib\\site-packages\\PyInstaller\\hooks'
31262 INFO: Processing standard module hook 'hook-scipy.stats._stats.py' from 'D:\\G-Drive\\RY-DEV\\fincompass\\.venv\\Lib\\site-packages\\PyInstaller\\hooks'
31856 INFO: Processing standard module hook 'hook-scipy.sparse.csgraph.py' from 'D:\\G-Drive\\RY-DEV\\fincompass\\.venv\\Lib\\site-packages\\PyInstaller\\hooks'
32882 INFO: Processing standard module hook 'hook-scipy.special._ellip_harm_2.py' from 'D:\\G-Drive\\RY-DEV\\fincompass\\.venv\\Lib\\site-packages\\PyInstaller\\hooks'
34578 INFO: Processing standard module hook 'hook-pandas.io.formats.style.py' from 'D:\\G-Drive\\RY-DEV\\fincompass\\.venv\\Lib\\site-packages\\PyInstaller\\hooks'
37277 INFO: Processing standard module hook 'hook-pandas.plotting.py' from 'D:\\G-Drive\\RY-DEV\\fincompass\\.venv\\Lib\\site-packages\\PyInstaller\\hooks'
37778 INFO: Processing standard module hook 'hook-dateutil.py' from 'D:\\G-Drive\\RY-DEV\\fincompass\\.venv\\Lib\\site-packages\\_pyinstaller_hooks_contrib\\stdhooks'
37927 INFO: Processing pre-safe-import-module hook 'hook-six.moves.py' from 'D:\\G-Drive\\RY-DEV\\fincompass\\.venv\\Lib\\site-packages\\PyInstaller\\hooks\\pre_safe_import_module'
39319 INFO: Processing standard module hook 'hook-pandas.io.clipboard.py' from 'D:\\G-Drive\\RY-DEV\\fincompass\\.venv\\Lib\\site-packages\\PyInstaller\\hooks'
39495 INFO: Processing standard module hook 'hook-xml.etree.cElementTree.py' from 'D:\\G-Drive\\RY-DEV\\fincompass\\.venv\\Lib\\site-packages\\PyInstaller\\hooks'
39498 INFO: Processing standard module hook 'hook-lxml.py' from 'D:\\G-Drive\\RY-DEV\\fincompass\\.venv\\Lib\\site-packages\\_pyinstaller_hooks_contrib\\stdhooks'
39976 INFO: Processing standard module hook 'hook-lxml.etree.py' from 'D:\\G-Drive\\RY-DEV\\fincompass\\.venv\\Lib\\site-packages\\_pyinstaller_hooks_contrib\\stdhooks'
39983 INFO: Processing standard module hook 'hook-xml.dom.domreg.py' from 'D:\\G-Drive\\RY-DEV\\fincompass\\.venv\\Lib\\site-packages\\PyInstaller\\hooks'
41047 INFO: Processing standard module hook 'hook-pytz.py' from 'D:\\G-Drive\\RY-DEV\\fincompass\\.venv\\Lib\\site-packages\\PyInstaller\\hooks'
41525 INFO: Processing standard module hook 'hook-certifi.py' from 'D:\\G-Drive\\RY-DEV\\fincompass\\.venv\\Lib\\site-packages\\_pyinstaller_hooks_contrib\\stdhooks'
41777 INFO: Processing standard module hook 'hook-urllib3.py' from 'D:\\G-Drive\\RY-DEV\\fincompass\\.venv\\Lib\\site-packages\\_pyinstaller_hooks_contrib\\stdhooks'
43537 INFO: Processing pre-safe-import-module hook 'hook-platformdirs.py' from 'D:\\G-Drive\\RY-DEV\\fincompass\\.venv\\Lib\\site-packages\\PyInstaller\\hooks\\pre_safe_import_module'
43577 INFO: Processing standard module hook 'hook-platformdirs.py' from 'D:\\G-Drive\\RY-DEV\\fincompass\\.venv\\Lib\\site-packages\\_pyinstaller_hooks_contrib\\stdhooks'
44725 INFO: Processing standard module hook 'hook-sklearn.py' from 'D:\\G-Drive\\RY-DEV\\fincompass\\.venv\\Lib\\site-packages\\_pyinstaller_hooks_contrib\\stdhooks'
45604 INFO: Processing standard module hook 'hook-sklearn.utils.py' from 'D:\\G-Drive\\RY-DEV\\fincompass\\.venv\\Lib\\site-packages\\_pyinstaller_hooks_contrib\\stdhooks'
46265 INFO: Processing standard module hook 'hook-sklearn.externals.array_api_compat.numpy.py' from 'D:\\G-Drive\\RY-DEV\\fincompass\\.venv\\Lib\\site-packages\\_pyinstaller_hooks_contrib\\stdhooks'
46312 INFO: Processing standard module hook 'hook-sklearn.externals.array_api_compat.cupy.py' from 'D:\\G-Drive\\RY-DEV\\fincompass\\.venv\\Lib\\site-packages\\_pyinstaller_hooks_contrib\\stdhooks'
46326 INFO: Processing standard module hook 'hook-sklearn.externals.array_api_compat.torch.py' from 'D:\\G-Drive\\RY-DEV\\fincompass\\.venv\\Lib\\site-packages\\_pyinstaller_hooks_contrib\\stdhooks'
46362 INFO: Processing standard module hook 'hook-sklearn.externals.array_api_compat.dask.array.py' from 'D:\\G-Drive\\RY-DEV\\fincompass\\.venv\\Lib\\site-packages\\_pyinstaller_hooks_contrib\\stdhooks'
46570 INFO: Processing standard module hook 'hook-sklearn.metrics.py' from 'D:\\G-Drive\\RY-DEV\\fincompass\\.venv\\Lib\\site-packages\\_pyinstaller_hooks_contrib\\stdhooks'
51071 INFO: Processing standard module hook 'hook-sklearn.metrics.cluster.py' from 'D:\\G-Drive\\RY-DEV\\fincompass\\.venv\\Lib\\site-packages\\_pyinstaller_hooks_contrib\\stdhooks'
51206 INFO: Processing standard module hook 'hook-sklearn.metrics.pairwise.py' from 'D:\\G-Drive\\RY-DEV\\fincompass\\.venv\\Lib\\site-packages\\_pyinstaller_hooks_contrib\\stdhooks'
51424 INFO: Processing standard module hook 'hook-sklearn.cluster.py' from 'D:\\G-Drive\\RY-DEV\\fincompass\\.venv\\Lib\\site-packages\\_pyinstaller_hooks_contrib\\stdhooks'
51800 INFO: Processing standard module hook 'hook-sklearn.neighbors.py' from 'D:\\G-Drive\\RY-DEV\\fincompass\\.venv\\Lib\\site-packages\\_pyinstaller_hooks_contrib\\stdhooks'
52057 INFO: Processing standard module hook 'hook-sklearn.linear_model.py' from 'D:\\G-Drive\\RY-DEV\\fincompass\\.venv\\Lib\\site-packages\\_pyinstaller_hooks_contrib\\stdhooks'
54325 INFO: Processing standard module hook 'hook-sklearn.tree.py' from 'D:\\G-Drive\\RY-DEV\\fincompass\\.venv\\Lib\\site-packages\\_pyinstaller_hooks_contrib\\stdhooks'
55261 INFO: Processing pre-find-module-path hook 'hook-tkinter.py' from 'D:\\G-Drive\\RY-DEV\\fincompass\\.venv\\Lib\\site-packages\\PyInstaller\\hooks\\pre_find_module_path'
55262 INFO: TclTkInfo: initializing cached Tcl/Tk info...
56050 INFO: Processing standard module hook 'hook-_tkinter.py' from 'D:\\G-Drive\\RY-DEV\\fincompass\\.venv\\Lib\\site-packages\\PyInstaller\\hooks'
56056 INFO: Analyzing hidden import 'uvicorn.loops.auto'
56060 INFO: Analyzing hidden import 'uvicorn.protocols.http.auto'
56060 INFO: Analyzing hidden import 'uvicorn.protocols.websockets.auto'
56060 INFO: Analyzing hidden import 'uvicorn.lifespan.on'
56060 INFO: Analyzing hidden import 'uvicorn.__main__'
56060 INFO: Analyzing hidden import 'uvicorn.lifespan.off'
56060 INFO: Analyzing hidden import 'uvicorn.workers'
56075 INFO: Analyzing hidden import 'sklearn._build_utils'
56075 INFO: Analyzing hidden import 'sklearn._build_utils.tempita'
56075 INFO: Analyzing hidden import 'sklearn._build_utils.version'
56075 INFO: Analyzing hidden import 'sklearn._cyutility'
56075 INFO: Analyzing hidden import 'sklearn._loss.tests'
56075 INFO: Analyzing hidden import 'sklearn._loss.tests.test_link'
56075 INFO: Analyzing hidden import 'sklearn._loss.tests.test_loss'
56126 INFO: Analyzing hidden import 'sklearn._min_dependencies'
56126 INFO: Analyzing hidden import 'sklearn.calibration'
56166 INFO: Analyzing hidden import 'sklearn.cluster._hdbscan.tests'
56167 INFO: Analyzing hidden import 'sklearn.cluster._hdbscan.tests.test_reachibility'
56170 INFO: Analyzing hidden import 'sklearn.cluster.tests'
56171 INFO: Analyzing hidden import 'sklearn.cluster.tests.common'
56172 INFO: Analyzing hidden import 'sklearn.cluster.tests.test_affinity_propagation'
56241 INFO: Processing standard module hook 'hook-scipy.io.matlab.py' from 'D:\\G-Drive\\RY-DEV\\fincompass\\.venv\\Lib\\site-packages\\PyInstaller\\hooks'
56661 INFO: Analyzing hidden import 'sklearn.cluster.tests.test_bicluster'
56671 INFO: Analyzing hidden import 'sklearn.cluster.tests.test_birch'
56681 INFO: Analyzing hidden import 'sklearn.cluster.tests.test_bisect_k_means'
56687 INFO: Analyzing hidden import 'sklearn.cluster.tests.test_dbscan'
56703 INFO: Analyzing hidden import 'sklearn.cluster.tests.test_feature_agglomeration'
56706 INFO: Analyzing hidden import 'sklearn.cluster.tests.test_hdbscan'
56727 INFO: Analyzing hidden import 'sklearn.cluster.tests.test_hierarchical'
56775 INFO: Analyzing hidden import 'sklearn.cluster.tests.test_k_means'
56819 INFO: Analyzing hidden import 'sklearn.cluster.tests.test_mean_shift'
56828 INFO: Analyzing hidden import 'sklearn.cluster.tests.test_optics'
56852 INFO: Analyzing hidden import 'sklearn.cluster.tests.test_spectral'
56864 INFO: Analyzing hidden import 'sklearn.compose.tests'
56865 INFO: Analyzing hidden import 'sklearn.compose.tests.test_column_transformer'
57045 INFO: Analyzing hidden import 'sklearn.compose.tests.test_target'
57061 INFO: Analyzing hidden import 'sklearn.conftest'
57080 INFO: Analyzing hidden import 'sklearn.covariance.tests'
57081 INFO: Analyzing hidden import 'sklearn.covariance.tests.test_covariance'
57094 INFO: Analyzing hidden import 'sklearn.covariance.tests.test_elliptic_envelope'
57097 INFO: Analyzing hidden import 'sklearn.covariance.tests.test_graphical_lasso'
57107 INFO: Analyzing hidden import 'sklearn.covariance.tests.test_robust_covariance'
57114 INFO: Analyzing hidden import 'sklearn.cross_decomposition'
57132 INFO: Analyzing hidden import 'sklearn.cross_decomposition.tests'
57133 INFO: Analyzing hidden import 'sklearn.cross_decomposition.tests.test_pls'
57156 INFO: Analyzing hidden import 'sklearn.datasets.data'
57157 INFO: Analyzing hidden import 'sklearn.datasets.descr'
57158 INFO: Analyzing hidden import 'sklearn.datasets.images'
57158 INFO: Analyzing hidden import 'sklearn.datasets.tests'
57159 INFO: Analyzing hidden import 'sklearn.datasets.tests.data'
57160 INFO: Analyzing hidden import 'sklearn.datasets.tests.data.openml'
57160 INFO: Analyzing hidden import 'sklearn.datasets.tests.data.openml.id_1'
57161 INFO: Analyzing hidden import 'sklearn.datasets.tests.data.openml.id_1119'
57162 INFO: Analyzing hidden import 'sklearn.datasets.tests.data.openml.id_1590'
57162 INFO: Analyzing hidden import 'sklearn.datasets.tests.data.openml.id_2'
57163 INFO: Analyzing hidden import 'sklearn.datasets.tests.data.openml.id_292'
57163 INFO: Analyzing hidden import 'sklearn.datasets.tests.data.openml.id_3'
57164 INFO: Analyzing hidden import 'sklearn.datasets.tests.data.openml.id_40589'
57165 INFO: Analyzing hidden import 'sklearn.datasets.tests.data.openml.id_40675'
57165 INFO: Analyzing hidden import 'sklearn.datasets.tests.data.openml.id_40945'
57166 INFO: Analyzing hidden import 'sklearn.datasets.tests.data.openml.id_40966'
57167 INFO: Analyzing hidden import 'sklearn.datasets.tests.data.openml.id_42074'
57167 INFO: Analyzing hidden import 'sklearn.datasets.tests.data.openml.id_42585'
57168 INFO: Analyzing hidden import 'sklearn.datasets.tests.data.openml.id_561'
57169 INFO: Analyzing hidden import 'sklearn.datasets.tests.data.openml.id_61'
57169 INFO: Analyzing hidden import 'sklearn.datasets.tests.data.openml.id_62'
57170 INFO: Analyzing hidden import 'sklearn.datasets.tests.test_20news'
57282 INFO: Analyzing hidden import 'sklearn.datasets.tests.test_arff_parser'
57288 INFO: Analyzing hidden import 'sklearn.datasets.tests.test_base'
57316 INFO: Analyzing hidden import 'sklearn.datasets.tests.test_california_housing'
57318 INFO: Analyzing hidden import 'sklearn.datasets.tests.test_covtype'
57321 INFO: Analyzing hidden import 'sklearn.datasets.tests.test_kddcup99'
57323 INFO: Analyzing hidden import 'sklearn.datasets.tests.test_lfw'
57330 INFO: Analyzing hidden import 'sklearn.datasets.tests.test_olivetti_faces'
57333 INFO: Analyzing hidden import 'sklearn.datasets.tests.test_openml'
57384 INFO: Analyzing hidden import 'sklearn.datasets.tests.test_rcv1'
57386 INFO: Analyzing hidden import 'sklearn.datasets.tests.test_samples_generator'
57423 INFO: Analyzing hidden import 'sklearn.datasets.tests.test_svmlight_format'
57448 INFO: Analyzing hidden import 'sklearn.decomposition.tests'
57449 INFO: Analyzing hidden import 'sklearn.decomposition.tests.test_dict_learning'
57880 INFO: Analyzing hidden import 'sklearn.decomposition.tests.test_factor_analysis'
57885 INFO: Analyzing hidden import 'sklearn.decomposition.tests.test_fastica'
57901 INFO: Analyzing hidden import 'sklearn.decomposition.tests.test_incremental_pca'
57917 INFO: Analyzing hidden import 'sklearn.decomposition.tests.test_kernel_pca'
57935 INFO: Analyzing hidden import 'sklearn.decomposition.tests.test_nmf'
57966 INFO: Analyzing hidden import 'sklearn.decomposition.tests.test_online_lda'
57982 INFO: Analyzing hidden import 'sklearn.decomposition.tests.test_pca'
58022 INFO: Analyzing hidden import 'sklearn.decomposition.tests.test_sparse_pca'
58035 INFO: Analyzing hidden import 'sklearn.decomposition.tests.test_truncated_svd'
58043 INFO: Analyzing hidden import 'sklearn.ensemble._hist_gradient_boosting.tests'
58044 INFO: Analyzing hidden import 'sklearn.ensemble._hist_gradient_boosting.tests.test_binning'
58061 INFO: Analyzing hidden import 'sklearn.ensemble._hist_gradient_boosting.tests.test_bitset'
58066 INFO: Analyzing hidden import 'sklearn.ensemble._hist_gradient_boosting.tests.test_compare_lightgbm'
58079 INFO: Analyzing hidden import 'sklearn.ensemble._hist_gradient_boosting.tests.test_gradient_boosting'
58131 INFO: Analyzing hidden import 'sklearn.ensemble._hist_gradient_boosting.tests.test_grower'
58151 INFO: Analyzing hidden import 'sklearn.ensemble._hist_gradient_boosting.tests.test_histogram'
58159 INFO: Analyzing hidden import 'sklearn.ensemble._hist_gradient_boosting.tests.test_monotonic_constraints'
58172 INFO: Analyzing hidden import 'sklearn.ensemble._hist_gradient_boosting.tests.test_predictor'
58179 INFO: Analyzing hidden import 'sklearn.ensemble._hist_gradient_boosting.tests.test_splitting'
58208 INFO: Analyzing hidden import 'sklearn.ensemble._hist_gradient_boosting.tests.test_warm_start'
58215 INFO: Analyzing hidden import 'sklearn.ensemble.tests'
58216 INFO: Analyzing hidden import 'sklearn.ensemble.tests.test_bagging'
58254 INFO: Analyzing hidden import 'sklearn.ensemble.tests.test_base'
58259 INFO: Analyzing hidden import 'sklearn.ensemble.tests.test_common'
58268 INFO: Analyzing hidden import 'sklearn.ensemble.tests.test_forest'
58332 INFO: Analyzing hidden import 'sklearn.ensemble.tests.test_gradient_boosting'
58408 INFO: Analyzing hidden import 'sklearn.ensemble.tests.test_iforest'
58423 INFO: Analyzing hidden import 'sklearn.ensemble.tests.test_stacking'
58452 INFO: Analyzing hidden import 'sklearn.ensemble.tests.test_voting'
58505 INFO: Analyzing hidden import 'sklearn.ensemble.tests.test_weight_boosting'
58526 INFO: Analyzing hidden import 'sklearn.experimental.enable_hist_gradient_boosting'
58526 INFO: Analyzing hidden import 'sklearn.experimental.enable_iterative_imputer'
58526 INFO: Analyzing hidden import 'sklearn.experimental.tests'
58526 INFO: Analyzing hidden import 'sklearn.experimental.tests.test_enable_hist_gradient_boosting'
58526 INFO: Analyzing hidden import 'sklearn.experimental.tests.test_enable_iterative_imputer'
58526 INFO: Analyzing hidden import 'sklearn.experimental.tests.test_enable_successive_halving'
58526 INFO: Analyzing hidden import 'sklearn.externals.array_api_compat.common._fft'
58526 INFO: Analyzing hidden import 'sklearn.externals.array_api_compat.numpy.fft'
58526 INFO: Analyzing hidden import 'sklearn.externals.array_api_extra._lib._backends'
58543 INFO: Analyzing hidden import 'sklearn.externals.array_api_extra._lib._testing'
58549 INFO: Analyzing hidden import 'sklearn.externals.array_api_extra.testing'
58556 INFO: Analyzing hidden import 'sklearn.externals.conftest'
58557 INFO: Analyzing hidden import 'sklearn.feature_extraction.tests'
58557 INFO: Analyzing hidden import 'sklearn.feature_extraction.tests.test_dict_vectorizer'
58607 INFO: Analyzing hidden import 'sklearn.feature_extraction.tests.test_feature_hasher'
58616 INFO: Analyzing hidden import 'sklearn.feature_extraction.tests.test_image'
58626 INFO: Analyzing hidden import 'sklearn.feature_extraction.tests.test_text'
58676 INFO: Analyzing hidden import 'sklearn.feature_selection.tests'
58676 INFO: Analyzing hidden import 'sklearn.feature_selection.tests.test_base'
58676 INFO: Analyzing hidden import 'sklearn.feature_selection.tests.test_chi2'
58676 INFO: Analyzing hidden import 'sklearn.feature_selection.tests.test_feature_select'
58719 INFO: Analyzing hidden import 'sklearn.feature_selection.tests.test_from_model'
58743 INFO: Analyzing hidden import 'sklearn.feature_selection.tests.test_mutual_info'
58753 INFO: Analyzing hidden import 'sklearn.feature_selection.tests.test_rfe'
58777 INFO: Analyzing hidden import 'sklearn.feature_selection.tests.test_sequential'
58777 INFO: Analyzing hidden import 'sklearn.feature_selection.tests.test_variance_threshold'
58796 INFO: Analyzing hidden import 'sklearn.frozen.tests'
58797 INFO: Analyzing hidden import 'sklearn.frozen.tests.test_frozen'
58805 INFO: Analyzing hidden import 'sklearn.gaussian_process.tests'
58805 INFO: Analyzing hidden import 'sklearn.gaussian_process.tests._mini_sequence_kernel'
58808 INFO: Analyzing hidden import 'sklearn.gaussian_process.tests.test_gpc'
58819 INFO: Analyzing hidden import 'sklearn.gaussian_process.tests.test_gpr'
58844 INFO: Analyzing hidden import 'sklearn.gaussian_process.tests.test_kernels'
58857 INFO: Analyzing hidden import 'sklearn.impute.tests'
58858 INFO: Analyzing hidden import 'sklearn.impute.tests.test_base'
58863 INFO: Analyzing hidden import 'sklearn.impute.tests.test_common'
58871 INFO: Analyzing hidden import 'sklearn.impute.tests.test_impute'
58926 INFO: Analyzing hidden import 'sklearn.impute.tests.test_knn'
58953 INFO: Analyzing hidden import 'sklearn.inspection'
59005 INFO: Analyzing hidden import 'sklearn.inspection._plot.tests'
59005 INFO: Analyzing hidden import 'sklearn.inspection._plot.tests.test_boundary_decision_display'
59028 INFO: Analyzing hidden import 'sklearn.inspection._plot.tests.test_plot_partial_dependence'
59064 INFO: Analyzing hidden import 'sklearn.inspection.tests'
59065 INFO: Analyzing hidden import 'sklearn.inspection.tests.test_partial_dependence'
59209 INFO: Analyzing hidden import 'sklearn.inspection.tests.test_pd_utils'
59212 INFO: Analyzing hidden import 'sklearn.inspection.tests.test_permutation_importance'
59232 INFO: Analyzing hidden import 'sklearn.kernel_ridge'
59239 INFO: Analyzing hidden import 'sklearn.linear_model._glm.tests'
59240 INFO: Analyzing hidden import 'sklearn.linear_model._glm.tests.test_glm'
59274 INFO: Analyzing hidden import 'sklearn.linear_model.tests'
59275 INFO: Analyzing hidden import 'sklearn.linear_model.tests.test_base'
59304 INFO: Analyzing hidden import 'sklearn.linear_model.tests.test_bayes'
59316 INFO: Analyzing hidden import 'sklearn.linear_model.tests.test_common'
59326 INFO: Analyzing hidden import 'sklearn.linear_model.tests.test_coordinate_descent'
59401 INFO: Analyzing hidden import 'sklearn.linear_model.tests.test_huber'
59409 INFO: Analyzing hidden import 'sklearn.linear_model.tests.test_least_angle'
59428 INFO: Analyzing hidden import 'sklearn.linear_model.tests.test_linear_loss'
59452 INFO: Analyzing hidden import 'sklearn.linear_model.tests.test_logistic'
59526 INFO: Analyzing hidden import 'sklearn.linear_model.tests.test_omp'
59545 INFO: Analyzing hidden import 'sklearn.linear_model.tests.test_passive_aggressive'
59558 INFO: Analyzing hidden import 'sklearn.linear_model.tests.test_perceptron'
59563 INFO: Analyzing hidden import 'sklearn.linear_model.tests.test_quantile'
59574 INFO: Analyzing hidden import 'sklearn.linear_model.tests.test_ransac'
59576 INFO: Analyzing hidden import 'sklearn.linear_model.tests.test_ridge'
59669 INFO: Analyzing hidden import 'sklearn.linear_model.tests.test_sag'
59693 INFO: Analyzing hidden import 'sklearn.linear_model.tests.test_sgd'
59762 INFO: Analyzing hidden import 'sklearn.linear_model.tests.test_sparse_coordinate_descent'
59776 INFO: Analyzing hidden import 'sklearn.linear_model.tests.test_theil_sen'
59776 INFO: Analyzing hidden import 'sklearn.manifold.tests'
59776 INFO: Analyzing hidden import 'sklearn.manifold.tests.test_classical_mds'
59776 INFO: Analyzing hidden import 'sklearn.manifold.tests.test_isomap'
59802 INFO: Analyzing hidden import 'sklearn.manifold.tests.test_locally_linear'
59808 INFO: Analyzing hidden import 'sklearn.manifold.tests.test_mds'
59819 INFO: Analyzing hidden import 'sklearn.manifold.tests.test_spectral_embedding'
59836 INFO: Analyzing hidden import 'sklearn.manifold.tests.test_t_sne'
59867 INFO: Analyzing hidden import 'sklearn.metrics._pairwise_distances_reduction._datasets_pair'
59867 INFO: Analyzing hidden import 'sklearn.metrics._pairwise_distances_reduction._middle_term_computer'
59867 INFO: Analyzing hidden import 'sklearn.metrics._plot.tests'
59868 INFO: Analyzing hidden import 'sklearn.metrics._plot.tests.test_common_curve_display'
59879 INFO: Analyzing hidden import 'sklearn.metrics._plot.tests.test_confusion_matrix_display'
59894 INFO: Analyzing hidden import 'sklearn.metrics._plot.tests.test_det_curve_display'
59899 INFO: Analyzing hidden import 'sklearn.metrics._plot.tests.test_precision_recall_display'
59913 INFO: Analyzing hidden import 'sklearn.metrics._plot.tests.test_predict_error_display'
59918 INFO: Analyzing hidden import 'sklearn.metrics._plot.tests.test_roc_curve_display'
59950 INFO: Analyzing hidden import 'sklearn.metrics.cluster.tests'
59951 INFO: Analyzing hidden import 'sklearn.metrics.cluster.tests.test_bicluster'
59954 INFO: Analyzing hidden import 'sklearn.metrics.cluster.tests.test_common'
60025 INFO: Analyzing hidden import 'sklearn.metrics.cluster.tests.test_supervised'
60046 INFO: Analyzing hidden import 'sklearn.metrics.cluster.tests.test_unsupervised'
60057 INFO: Analyzing hidden import 'sklearn.metrics.tests.test_classification'
60180 INFO: Analyzing hidden import 'sklearn.metrics.tests.test_pairwise'
60256 INFO: Analyzing hidden import 'sklearn.metrics.tests.test_pairwise_distances_reduction'
60326 INFO: Analyzing hidden import 'sklearn.metrics.tests.test_ranking'
60430 INFO: Analyzing hidden import 'sklearn.metrics.tests.test_regression'
60458 INFO: Analyzing hidden import 'sklearn.metrics.tests.test_score_objects'
60511 INFO: Analyzing hidden import 'sklearn.mixture.tests'
60512 INFO: Analyzing hidden import 'sklearn.mixture.tests.test_bayesian_mixture'
60581 INFO: Analyzing hidden import 'sklearn.mixture.tests.test_mixture'
60583 INFO: Analyzing hidden import 'sklearn.model_selection.tests'
60584 INFO: Analyzing hidden import 'sklearn.model_selection.tests.common'
60586 INFO: Analyzing hidden import 'sklearn.model_selection.tests.test_classification_threshold'
60606 INFO: Analyzing hidden import 'sklearn.model_selection.tests.test_plot'
60623 INFO: Analyzing hidden import 'sklearn.model_selection.tests.test_search'
60727 INFO: Analyzing hidden import 'sklearn.model_selection.tests.test_split'
60855 INFO: Analyzing hidden import 'sklearn.model_selection.tests.test_successive_halving'
60900 INFO: Analyzing hidden import 'sklearn.model_selection.tests.test_validation'
61034 INFO: Analyzing hidden import 'sklearn.neighbors._partition_nodes'
61035 INFO: Analyzing hidden import 'sklearn.neighbors._quad_tree'
61035 INFO: Analyzing hidden import 'sklearn.neighbors.tests'
61036 INFO: Analyzing hidden import 'sklearn.neighbors.tests.test_ball_tree'
61045 INFO: Analyzing hidden import 'sklearn.neighbors.tests.test_graph'
61050 INFO: Analyzing hidden import 'sklearn.neighbors.tests.test_kd_tree'
61055 INFO: Analyzing hidden import 'sklearn.neighbors.tests.test_kde'
61067 INFO: Analyzing hidden import 'sklearn.neighbors.tests.test_lof'
61082 INFO: Analyzing hidden import 'sklearn.neighbors.tests.test_nca'
61104 INFO: Analyzing hidden import 'sklearn.neighbors.tests.test_nearest_centroid'
61120 INFO: Analyzing hidden import 'sklearn.neighbors.tests.test_neighbors'
61253 INFO: Analyzing hidden import 'sklearn.neighbors.tests.test_neighbors_pipeline'
61263 INFO: Analyzing hidden import 'sklearn.neighbors.tests.test_neighbors_tree'
61285 INFO: Analyzing hidden import 'sklearn.neighbors.tests.test_quad_tree'
61297 INFO: Analyzing hidden import 'sklearn.neural_network.tests'
61298 INFO: Analyzing hidden import 'sklearn.neural_network.tests.test_base'
61303 INFO: Analyzing hidden import 'sklearn.neural_network.tests.test_mlp'
61366 INFO: Analyzing hidden import 'sklearn.neural_network.tests.test_rbm'
61382 INFO: Analyzing hidden import 'sklearn.neural_network.tests.test_stochastic_optimizers'
61396 INFO: Analyzing hidden import 'sklearn.preprocessing.tests'
61397 INFO: Analyzing hidden import 'sklearn.preprocessing.tests.test_common'
61412 INFO: Analyzing hidden import 'sklearn.preprocessing.tests.test_data'
61560 INFO: Analyzing hidden import 'sklearn.preprocessing.tests.test_discretization'
61597 INFO: Analyzing hidden import 'sklearn.preprocessing.tests.test_encoders'
61733 INFO: Analyzing hidden import 'sklearn.preprocessing.tests.test_function_transformer'
61754 INFO: Analyzing hidden import 'sklearn.preprocessing.tests.test_label'
61807 INFO: Analyzing hidden import 'sklearn.preprocessing.tests.test_polynomial'
61871 INFO: Analyzing hidden import 'sklearn.preprocessing.tests.test_target_encoder'
61912 INFO: Analyzing hidden import 'sklearn.semi_supervised.tests'
61913 INFO: Analyzing hidden import 'sklearn.semi_supervised.tests.test_label_propagation'
61926 INFO: Analyzing hidden import 'sklearn.semi_supervised.tests.test_self_training'
62041 INFO: Analyzing hidden import 'sklearn.svm._newrand'
62043 INFO: Analyzing hidden import 'sklearn.svm.tests'
62043 INFO: Analyzing hidden import 'sklearn.svm.tests.test_bounds'
62050 INFO: Analyzing hidden import 'sklearn.svm.tests.test_sparse'
62140 INFO: Analyzing hidden import 'sklearn.tests.test_base'
62185 INFO: Analyzing hidden import 'sklearn.tests.test_build'
62187 INFO: Analyzing hidden import 'sklearn.tests.test_calibration'
62277 INFO: Analyzing hidden import 'sklearn.tests.test_check_build'
62279 INFO: Analyzing hidden import 'sklearn.tests.test_common'
62298 INFO: Analyzing hidden import 'sklearn.tests.test_config'
62305 INFO: Analyzing hidden import 'sklearn.tests.test_discriminant_analysis'
62353 INFO: Analyzing hidden import 'sklearn.tests.test_docstring_parameters'
62376 INFO: Analyzing hidden import 'sklearn.tests.test_docstring_parameters_consistency'
62380 INFO: Analyzing hidden import 'sklearn.tests.test_docstrings'
62391 INFO: Analyzing hidden import 'sklearn.tests.test_dummy'
62449 INFO: Analyzing hidden import 'sklearn.tests.test_init'
62450 INFO: Analyzing hidden import 'sklearn.tests.test_isotonic'
62494 INFO: Analyzing hidden import 'sklearn.tests.test_kernel_approximation'
62532 INFO: Analyzing hidden import 'sklearn.tests.test_kernel_ridge'
62541 INFO: Analyzing hidden import 'sklearn.tests.test_metadata_routing'
62670 INFO: Analyzing hidden import 'sklearn.tests.test_metaestimators'
62693 INFO: Analyzing hidden import 'sklearn.tests.test_metaestimators_metadata_routing'
62740 INFO: Analyzing hidden import 'sklearn.tests.test_min_dependencies_readme'
62749 INFO: Analyzing hidden import 'sklearn.tests.test_multiclass'
62832 INFO: Analyzing hidden import 'sklearn.tests.test_multioutput'
62886 INFO: Analyzing hidden import 'sklearn.tests.test_naive_bayes'
62934 INFO: Analyzing hidden import 'sklearn.tests.test_public_functions'
62943 INFO: Analyzing hidden import 'sklearn.tests.test_random_projection'
62978 INFO: Analyzing hidden import 'sklearn.tree.tests.test_export'
63005 INFO: Analyzing hidden import 'sklearn.tree.tests.test_fenwick'
63010 INFO: Analyzing hidden import 'sklearn.tree.tests.test_monotonic_tree'
63035 INFO: Analyzing hidden import 'sklearn.tree.tests.test_reingold_tilford'
63038 INFO: Analyzing hidden import 'sklearn.utils._cython_blas'
63039 INFO: Analyzing hidden import 'sklearn.utils._heap'
63039 INFO: Analyzing hidden import 'sklearn.utils._repr_html.tests'
63040 INFO: Analyzing hidden import 'sklearn.utils._repr_html.tests.test_estimator'
63074 INFO: Analyzing hidden import 'sklearn.utils._repr_html.tests.test_js'
63079 INFO: Analyzing hidden import 'sklearn.utils._repr_html.tests.test_params'
63089 INFO: Analyzing hidden import 'sklearn.utils._sorting'
63090 INFO: Analyzing hidden import 'sklearn.utils._typedefs'
63091 INFO: Analyzing hidden import 'sklearn.utils._vector_sentinel'
63091 INFO: Analyzing hidden import 'sklearn.utils._weight_vector'
63092 INFO: Analyzing hidden import 'sklearn.utils.tests'
63093 INFO: Analyzing hidden import 'sklearn.utils.tests.test_arpack'
63097 INFO: Analyzing hidden import 'sklearn.utils.tests.test_array_api'
63160 INFO: Analyzing hidden import 'sklearn.utils.tests.test_arrayfuncs'
63164 INFO: Analyzing hidden import 'sklearn.utils.tests.test_bunch'
63167 INFO: Analyzing hidden import 'sklearn.utils.tests.test_chunking'
63174 INFO: Analyzing hidden import 'sklearn.utils.tests.test_class_weight'
63199 INFO: Analyzing hidden import 'sklearn.utils.tests.test_cython_blas'
63217 INFO: Analyzing hidden import 'sklearn.utils.tests.test_dataframe'
63221 INFO: Analyzing hidden import 'sklearn.utils.tests.test_deprecation'
63226 INFO: Analyzing hidden import 'sklearn.utils.tests.test_encode'
63226 INFO: Analyzing hidden import 'sklearn.utils.tests.test_estimator_checks'
63311 INFO: Analyzing hidden import 'sklearn.utils.tests.test_extmath'
63381 INFO: Analyzing hidden import 'sklearn.utils.tests.test_fast_dict'
63385 INFO: Analyzing hidden import 'sklearn.utils.tests.test_fixes'
63390 INFO: Analyzing hidden import 'sklearn.utils.tests.test_graph'
63394 INFO: Analyzing hidden import 'sklearn.utils.tests.test_indexing'
63426 INFO: Analyzing hidden import 'sklearn.utils.tests.test_mask'
63426 INFO: Analyzing hidden import 'sklearn.utils.tests.test_metaestimators'
63426 INFO: Analyzing hidden import 'sklearn.utils.tests.test_missing'
63426 INFO: Analyzing hidden import 'sklearn.utils.tests.test_mocking'
63445 INFO: Analyzing hidden import 'sklearn.utils.tests.test_multiclass'
63473 INFO: Analyzing hidden import 'sklearn.utils.tests.test_murmurhash'
63477 INFO: Analyzing hidden import 'sklearn.utils.tests.test_optimize'
63491 INFO: Analyzing hidden import 'sklearn.utils.tests.test_parallel'
63505 INFO: Analyzing hidden import 'sklearn.utils.tests.test_param_validation'
63527 INFO: Analyzing hidden import 'sklearn.utils.tests.test_plotting'
63553 INFO: Analyzing hidden import 'sklearn.utils.tests.test_pprint'
63570 INFO: Analyzing hidden import 'sklearn.utils.tests.test_random'
63577 INFO: Analyzing hidden import 'sklearn.utils.tests.test_response'
63594 INFO: Analyzing hidden import 'sklearn.utils.tests.test_seq_dataset'
63603 INFO: Analyzing hidden import 'sklearn.utils.tests.test_set_output'
63624 INFO: Analyzing hidden import 'sklearn.utils.tests.test_shortest_path'
63627 INFO: Analyzing hidden import 'sklearn.utils.tests.test_show_versions'
63627 INFO: Analyzing hidden import 'sklearn.utils.tests.test_sparsefuncs'
63677 INFO: Analyzing hidden import 'sklearn.utils.tests.test_stats'
63700 INFO: Analyzing hidden import 'sklearn.utils.tests.test_tags'
63706 INFO: Analyzing hidden import 'sklearn.utils.tests.test_testing'
63728 INFO: Analyzing hidden import 'sklearn.utils.tests.test_typedefs'
63728 INFO: Analyzing hidden import 'sklearn.utils.tests.test_unique'
63728 INFO: Analyzing hidden import 'sklearn.utils.tests.test_user_interface'
63746 INFO: Analyzing hidden import 'sklearn.utils.tests.test_validation'
63827 INFO: Analyzing hidden import 'sklearn.utils.tests.test_weight_vector'
63827 INFO: Processing module hooks (post-graph stage)...
64234 INFO: Processing standard module hook 'hook-lxml.isoschematron.py' from 'D:\\G-Drive\\RY-DEV\\fincompass\\.venv\\Lib\\site-packages\\_pyinstaller_hooks_contrib\\stdhooks'
64255 WARNING: Hidden import "pycparser.lextab" not found!
64255 WARNING: Hidden import "pycparser.yacctab" not found!
64628 WARNING: Hidden import "jinja2" not found!
66827 WARNING: Hidden import "scipy.special._cdflib" not found!
66870 INFO: Processing standard module hook 'hook-_tkinter.py' from 'D:\\G-Drive\\RY-DEV\\fincompass\\.venv\\Lib\\site-packages\\PyInstaller\\hooks'
66871 INFO: Processing standard module hook 'hook-lxml.objectify.py' from 'D:\\G-Drive\\RY-DEV\\fincompass\\.venv\\Lib\\site-packages\\_pyinstaller_hooks_contrib\\stdhooks'
66872 INFO: Processing standard module hook 'hook-tzdata.py' from 'D:\\G-Drive\\RY-DEV\\fincompass\\.venv\\Lib\\site-packages\\_pyinstaller_hooks_contrib\\stdhooks'
67664 INFO: Performing binary vs. data reclassification (2584 entries)
68127 INFO: Looking for ctypes DLLs
68342 INFO: Analyzing run-time hooks ...
68356 INFO: Including run-time hook 'pyi_rth_pkgutil.py' from 'D:\\G-Drive\\RY-DEV\\fincompass\\.venv\\Lib\\site-packages\\PyInstaller\\hooks\\rthooks'
68359 INFO: Including run-time hook 'pyi_rth_multiprocessing.py' from 'D:\\G-Drive\\RY-DEV\\fincompass\\.venv\\Lib\\site-packages\\PyInstaller\\hooks\\rthooks'
68362 INFO: Including run-time hook 'pyi_rth_setuptools.py' from 'D:\\G-Drive\\RY-DEV\\fincompass\\.venv\\Lib\\site-packages\\PyInstaller\\hooks\\rthooks'
68364 INFO: Including run-time hook 'pyi_rth_inspect.py' from 'D:\\G-Drive\\RY-DEV\\fincompass\\.venv\\Lib\\site-packages\\PyInstaller\\hooks\\rthooks'
68367 INFO: Including run-time hook 'pyi_rth__tkinter.py' from 'D:\\G-Drive\\RY-DEV\\fincompass\\.venv\\Lib\\site-packages\\PyInstaller\\hooks\\rthooks'
68492 INFO: Creating base_library.zip...
68526 INFO: Looking for dynamic libraries
71770 INFO: Extra DLL search directories (AddDllDirectory): ['D:\\G-Drive\\RY-DEV\\fincompass\\.venv\\Lib\\site-packages\\pandas.libs', 'D:\\G-Drive\\RY-DEV\\fincompass\\.venv\\Lib\\site-packages\\numpy.libs', 'D:\\G-Drive\\RY-DEV\\fincompass\\.venv\\Lib\\site-packages\\scipy.libs', 'D:\\G-Drive\\RY-DEV\\fincompass\\.venv\\Lib\\site-packages\\curl_cffi.libs']
71770 INFO: Extra DLL search directories (PATH): []
76765 INFO: Warnings written to D:\G-Drive\RY-DEV\fincompass\build\FinCompass\warn-FinCompass.txt
77218 INFO: Graph cross-reference written to D:\G-Drive\RY-DEV\fincompass\build\FinCompass\xref-FinCompass.html
77376 INFO: checking PYZ
77376 INFO: Building PYZ because PYZ-00.toc is non existent
77376 INFO: Building PYZ (ZlibArchive) D:\G-Drive\RY-DEV\fincompass\build\FinCompass\PYZ-00.pyz
80104 INFO: Building PYZ (ZlibArchive) D:\G-Drive\RY-DEV\fincompass\build\FinCompass\PYZ-00.pyz completed successfully.
80226 INFO: checking PKG
80226 INFO: Building PKG because PKG-00.toc is non existent
80226 INFO: Building PKG (CArchive) FinCompass.pkg
102205 INFO: Building PKG (CArchive) FinCompass.pkg completed successfully.
102261 INFO: Bootloader D:\G-Drive\RY-DEV\fincompass\.venv\Lib\site-packages\PyInstaller\bootloader\Windows-64bit-intel\runw.exe
102261 INFO: checking EXE
102261 INFO: Building EXE because EXE-00.toc is non existent
102261 INFO: Building EXE from EXE-00.toc
102261 INFO: Copying bootloader EXE to D:\G-Drive\RY-DEV\fincompass\dist\FinCompass.exe
102270 INFO: Copying icon to EXE
102274 INFO: Copying version information to EXE
102276 INFO: Copying 0 resources to EXE
102276 INFO: Embedding manifest in EXE
102276 INFO: Appending PKG archive to EXE
102356 INFO: Fixing EXE headers
102861 INFO: Building EXE from EXE-00.toc completed successfully.
102909 INFO: Build complete! The results are available in: D:\G-Drive\RY-DEV\fincompass\dist
