\BOOKMARK [1][-]{section.1}{\376\377\000I\000n\000t\000r\000o\000d\000u\000c\000t\000i\000o\000n}{}% 1
\BOOKMARK [2][-]{subsection.1.1}{\376\377\000H\000o\000w\000\040\000t\000o\000\040\000r\000e\000a\000d\000\040\000t\000h\000e\000\040\000p\000a\000p\000e\000r}{section.1}% 2
\BOOKMARK [1][-]{section.2}{\376\377\000W\000h\000a\000t\000\040\000d\000o\000e\000s\000\040\000a\000\040\000f\000i\000n\000a\000n\000c\000i\000a\000l\000\040\000p\000r\000o\000b\000a\000b\000i\000l\000i\000t\000y\000\040\000m\000e\000a\000n\000?}{}% 3
\BOOKMARK [2][-]{subsection.2.1}{\376\377\000A\000\040\000s\000m\000a\000l\000l\000\040\000n\000u\000m\000e\000r\000i\000c\000a\000l\000\040\000e\000x\000a\000m\000p\000l\000e}{section.2}% 4
\BOOKMARK [1][-]{section.3}{\376\377\000T\000h\000r\000e\000e\000\040\000s\000t\000a\000t\000i\000s\000t\000i\000c\000a\000l\000\040\000o\000b\000j\000e\000c\000t\000s\000,\000\040\000n\000o\000t\000\040\000o\000n\000e}{}% 5
\BOOKMARK [1][-]{section.4}{\376\377\000P\000o\000i\000n\000t\000-\000i\000n\000-\000t\000i\000m\000e\000\040\000i\000n\000f\000o\000r\000m\000a\000t\000i\000o\000n\000\040\000a\000n\000d\000\040\000t\000h\000e\000\040\000a\000v\000o\000i\000d\000a\000n\000c\000e\000\040\000o\000f\000\040\000h\000i\000n\000d\000s\000i\000g\000h\000t}{}% 6
\BOOKMARK [1][-]{section.5}{\376\377\000T\000h\000e\000\040\000e\000v\000i\000d\000e\000n\000c\000e\000\040\000p\000l\000a\000n\000e\000:\000\040\000u\000n\000c\000e\000r\000t\000a\000i\000n\000t\000y\000\040\000a\000b\000o\000u\000t\000\040\000a\000\040\000r\000e\000s\000e\000a\000r\000c\000h\000\040\000s\000c\000o\000r\000e}{}% 7
\BOOKMARK [2][-]{subsection.5.1}{\376\377\000C\000o\000n\000t\000i\000n\000u\000o\000u\000s\000\040\000m\000e\000t\000r\000i\000c\000\040\000m\000a\000p\000s}{section.5}% 8
\BOOKMARK [2][-]{subsection.5.2}{\376\377\000W\000h\000y\000\040\000a\000\040\000B\000e\000t\000a\000\040\000m\000o\000d\000e\000l\000\040\000a\000p\000p\000e\000a\000r\000s\000\040\000h\000e\000r\000e}{section.5}% 9
\BOOKMARK [2][-]{subsection.5.3}{\376\377\000C\000o\000m\000p\000o\000s\000i\000t\000e\000\040\000u\000n\000c\000e\000r\000t\000a\000i\000n\000t\000y\000\040\000a\000n\000d\000\040\000o\000v\000e\000r\000l\000a\000p\000p\000i\000n\000g\000\040\000p\000i\000l\000l\000a\000r\000s}{section.5}% 10
\BOOKMARK [1][-]{section.6}{\376\377\000T\000h\000e\000\040\000f\000r\000o\000z\000e\000n\000\040\000a\000n\000c\000h\000o\000r\000:\000\040\000a\000n\000\040\000e\000m\000p\000i\000r\000i\000c\000a\000l\000\040\000f\000o\000r\000w\000a\000r\000d\000-\000e\000v\000e\000n\000t\000\040\000m\000o\000d\000e\000l}{}% 11
\BOOKMARK [2][-]{subsection.6.1}{\376\377\000B\000a\000y\000e\000s\000i\000a\000n\000\040\000l\000o\000g\000i\000s\000t\000i\000c\000\040\000c\000o\000m\000p\000o\000n\000e\000n\000t}{section.6}% 12
\BOOKMARK [2][-]{subsection.6.2}{\376\377\000N\000o\000n\000l\000i\000n\000e\000a\000r\000\040\000c\000o\000m\000p\000o\000n\000e\000n\000t\000s\000\040\000a\000n\000d\000\040\000c\000o\000m\000p\000o\000n\000e\000n\000t\000\040\000c\000a\000l\000i\000b\000r\000a\000t\000i\000o\000n}{section.6}% 13
\BOOKMARK [2][-]{subsection.6.3}{\376\377\000C\000o\000n\000s\000t\000r\000a\000i\000n\000e\000d\000\040\000p\000r\000o\000b\000a\000b\000i\000l\000i\000s\000t\000i\000c\000\040\000s\000t\000a\000c\000k\000i\000n\000g}{section.6}% 14
\BOOKMARK [1][-]{section.7}{\376\377\000T\000e\000m\000p\000o\000r\000a\000l\000\040\000v\000a\000l\000i\000d\000a\000t\000i\000o\000n\000:\000\040\000w\000h\000y\000\040\000r\000a\000n\000d\000o\000m\000\040\000h\000o\000l\000d\000o\000u\000t\000\040\000i\000s\000\040\000n\000o\000t\000\040\000e\000n\000o\000u\000g\000h}{}% 15
\BOOKMARK [2][-]{subsection.7.1}{\376\377\000P\000u\000r\000g\000e\000\040\000a\000n\000d\000\040\000e\000m\000b\000a\000r\000g\000o}{section.7}% 16
\BOOKMARK [2][-]{subsection.7.2}{\376\377\000M\000o\000v\000i\000n\000g\000\040\000d\000a\000t\000e\000-\000b\000l\000o\000c\000k\000\040\000a\000n\000d\000\040\000c\000r\000o\000s\000s\000-\000s\000e\000c\000t\000i\000o\000n\000a\000l\000\040\000c\000l\000u\000s\000t\000e\000r\000\040\000b\000o\000o\000t\000s\000t\000r\000a\000p}{section.7}% 17
\BOOKMARK [1][-]{section.8}{\376\377\000H\000o\000w\000\040\000p\000r\000o\000b\000a\000b\000i\000l\000i\000s\000t\000i\000c\000\040\000f\000o\000r\000e\000c\000a\000s\000t\000s\000\040\000a\000r\000e\000\040\000s\000c\000o\000r\000e\000d}{}% 18
\BOOKMARK [1][-]{section.9}{\376\377\000A\000n\000c\000h\000o\000r\000\040\000u\000n\000c\000e\000r\000t\000a\000i\000n\000t\000y\000:\000\040\000w\000h\000a\000t\000\040\000i\000s\000\040\000a\000n\000d\000\040\000i\000s\000\040\000n\000o\000t\000\040\000c\000o\000v\000e\000r\000e\000d}{}% 19
\BOOKMARK [1][-]{section.10}{\376\377\000T\000h\000e\000\040\000a\000d\000a\000p\000t\000i\000v\000e\000\040\000r\000e\000s\000i\000d\000u\000a\000l\000:\000\040\000r\000e\000a\000c\000t\000i\000n\000g\000\040\000t\000o\000\040\000n\000e\000w\000\040\000i\000n\000f\000o\000r\000m\000a\000t\000i\000o\000n}{}% 20
\BOOKMARK [2][-]{subsection.10.1}{\376\377\000T\000h\000e\000\040\0001\0003\000-\000d\000i\000m\000e\000n\000s\000i\000o\000n\000a\000l\000\040\000l\000i\000v\000e\000\040\000f\000e\000a\000t\000u\000r\000e\000\040\000c\000o\000n\000t\000r\000a\000c\000t}{section.10}% 21
\BOOKMARK [2][-]{subsection.10.2}{\376\377\000F\000r\000e\000s\000h\000n\000e\000s\000s\000\040\000i\000s\000\040\000d\000i\000f\000f\000e\000r\000e\000n\000t\000\040\000f\000r\000o\000m\000\040\000e\000v\000e\000n\000t\000\040\000a\000g\000e}{section.10}% 22
\BOOKMARK [1][-]{section.11}{\376\377\000O\000n\000l\000i\000n\000e\000\040\000B\000a\000y\000e\000s\000i\000a\000n\000\040\000l\000e\000a\000r\000n\000i\000n\000g\000,\000\040\000o\000n\000e\000\040\000m\000a\000t\000u\000r\000e\000d\000\040\000l\000a\000b\000e\000l\000\040\000a\000t\000\040\000a\000\040\000t\000i\000m\000e}{}% 23
\BOOKMARK [2][-]{subsection.11.1}{\376\377\000D\000y\000n\000a\000m\000i\000c\000\040\000p\000r\000i\000o\000r\000\040\000b\000e\000t\000w\000e\000e\000n\000\040\000u\000p\000d\000a\000t\000e\000s}{section.11}% 24
\BOOKMARK [2][-]{subsection.11.2}{\376\377\000R\000a\000n\000k\000-\000o\000n\000e\000\040\000p\000o\000s\000t\000e\000r\000i\000o\000r\000\040\000u\000p\000d\000a\000t\000e}{section.11}% 25
\BOOKMARK [2][-]{subsection.11.3}{\376\377\000W\000h\000y\000\040\000r\000e\000p\000e\000a\000t\000e\000d\000\040\000s\000c\000r\000e\000e\000n\000\040\000r\000e\000f\000r\000e\000s\000h\000e\000s\000\040\000d\000o\000\040\000n\000o\000t\000\040\000c\000r\000e\000a\000t\000e\000\040\000e\000v\000i\000d\000e\000n\000c\000e}{section.11}% 26
\BOOKMARK [1][-]{section.12}{\376\377\000P\000r\000e\000q\000u\000e\000n\000t\000i\000a\000l\000\040\000a\000c\000t\000i\000v\000a\000t\000i\000o\000n\000:\000\040\000t\000h\000e\000\040\000a\000d\000a\000p\000t\000i\000v\000e\000\040\000m\000o\000d\000e\000l\000\040\000m\000u\000s\000t\000\040\000e\000a\000r\000n\000\040\000c\000o\000n\000t\000r\000o\000l}{}% 27
\BOOKMARK [1][-]{section.13}{\376\377\000D\000r\000i\000f\000t\000\040\000p\000r\000o\000t\000e\000c\000t\000i\000o\000n}{}% 28
\BOOKMARK [1][-]{section.14}{\376\377\000T\000h\000e\000\040\000f\000a\000i\000l\000-\000c\000l\000o\000s\000e\000d\000\040\000l\000i\000v\000e\000\040\000p\000r\000o\000b\000a\000b\000i\000l\000i\000t\000y}{}% 29
\BOOKMARK [1][-]{section.15}{\376\377\000L\000i\000n\000e\000a\000g\000e\000,\000\040\000s\000e\000t\000t\000i\000n\000g\000s\000,\000\040\000a\000n\000d\000\040\000r\000e\000p\000r\000o\000d\000u\000c\000i\000b\000i\000l\000i\000t\000y}{}% 30
\BOOKMARK [1][-]{section.16}{\376\377\000V\000a\000l\000i\000d\000a\000t\000i\000o\000n\000\040\000t\000i\000e\000r\000s}{}% 31
\BOOKMARK [1][-]{section.17}{\376\377\000S\000y\000n\000t\000h\000e\000t\000i\000c\000\040\000r\000e\000g\000r\000e\000s\000s\000i\000o\000n\000\040\000r\000e\000s\000u\000l\000t\000s}{}% 32
\BOOKMARK [2][-]{subsection.17.1}{\376\377\000F\000r\000o\000z\000e\000n\000\040\000a\000n\000c\000h\000o\000r\000\040\000f\000i\000x\000t\000u\000r\000e}{section.17}% 33
\BOOKMARK [2][-]{subsection.17.2}{\376\377\000A\000d\000a\000p\000t\000i\000v\000e\000\040\000s\000t\000r\000e\000a\000m\000i\000n\000g\000\040\000f\000i\000x\000t\000u\000r\000e}{section.17}% 34
\BOOKMARK [1][-]{section.18}{\376\377\000R\000e\000a\000l\000\040\000h\000i\000s\000t\000o\000r\000i\000c\000a\000l\000\040\0001\0002\000-\000m\000o\000n\000t\000h\000\040\000r\000e\000s\000e\000a\000r\000c\000h\000\040\000m\000o\000d\000e\000l}{}% 35
\BOOKMARK [1][-]{section.19}{\376\377\000A\000\040\000c\000o\000m\000p\000l\000e\000t\000e\000\040\000w\000o\000r\000k\000e\000d\000\040\000e\000x\000a\000m\000p\000l\000e}{}% 36
\BOOKMARK [1][-]{section.20}{\376\377\000W\000h\000a\000t\000\040\000w\000o\000u\000l\000d\000\040\000c\000o\000u\000n\000t\000\040\000a\000s\000\040\000r\000e\000a\000l\000\040\000m\000a\000r\000k\000e\000t\000\040\000v\000a\000l\000i\000d\000a\000t\000i\000o\000n\000?}{}% 37
\BOOKMARK [1][-]{section.21}{\376\377\000L\000i\000m\000i\000t\000a\000t\000i\000o\000n\000s}{}% 38
\BOOKMARK [1][-]{section.22}{\376\377\000D\000i\000s\000c\000u\000s\000s\000i\000o\000n}{}% 39
\BOOKMARK [1][-]{section.23}{\376\377\000C\000o\000n\000c\000l\000u\000s\000i\000o\000n}{}% 40
\BOOKMARK [1][-]{appendix.A}{\376\377\000U\000s\000e\000f\000u\000l\000\040\000d\000e\000r\000i\000v\000a\000t\000i\000o\000n\000s}{}% 41
\BOOKMARK [2][-]{subsection.A.1}{\376\377\000M\000o\000m\000e\000n\000t\000s\000\040\000o\000f\000\040\000t\000h\000e\000\040\000e\000v\000i\000d\000e\000n\000c\000e\000\040\000p\000o\000s\000t\000e\000r\000i\000o\000r}{appendix.A}% 42
\BOOKMARK [2][-]{subsection.A.2}{\376\377\000G\000r\000a\000d\000i\000e\000n\000t\000\040\000a\000n\000d\000\040\000H\000e\000s\000s\000i\000a\000n\000\040\000f\000o\000r\000\040\000B\000a\000y\000e\000s\000i\000a\000n\000\040\000l\000o\000g\000i\000s\000t\000i\000c\000\040\000r\000e\000g\000r\000e\000s\000s\000i\000o\000n}{appendix.A}% 43
\BOOKMARK [2][-]{subsection.A.3}{\376\377\000W\000h\000y\000\040\000t\000h\000e\000\040\000o\000n\000l\000i\000n\000e\000\040\000c\000o\000v\000a\000r\000i\000a\000n\000c\000e\000\040\000u\000p\000d\000a\000t\000e\000\040\000i\000s\000\040\000r\000a\000n\000k\000\040\000o\000n\000e}{appendix.A}% 44
\BOOKMARK [2][-]{subsection.A.4}{\376\377\000O\000d\000d\000s\000\040\000i\000n\000t\000e\000r\000p\000r\000e\000t\000a\000t\000i\000o\000n\000\040\000o\000f\000\040\000t\000h\000e\000\040\000a\000d\000a\000p\000t\000i\000v\000e\000\040\000s\000h\000i\000f\000t}{appendix.A}% 45
\BOOKMARK [1][-]{appendix.B}{\376\377\000R\000e\000f\000e\000r\000e\000n\000c\000e\000\040\000c\000o\000n\000f\000i\000g\000u\000r\000a\000t\000i\000o\000n}{}% 46
\BOOKMARK [1][-]{appendix.C}{\376\377\000S\000o\000f\000t\000w\000a\000r\000e\000\040\000i\000n\000v\000a\000r\000i\000a\000n\000t\000s\000\040\000c\000o\000r\000r\000e\000s\000p\000o\000n\000d\000i\000n\000g\000\040\000t\000o\000\040\000t\000h\000e\000\040\000m\000a\000t\000h\000e\000m\000a\000t\000i\000c\000s}{}% 47
