\BOOKMARK [1][-]{section.1}{\376\377\000T\000h\000e\000\040\000o\000n\000e\000-\000p\000a\000g\000e\000\040\000m\000e\000n\000t\000a\000l\000\040\000m\000o\000d\000e\000l}{}% 1
\BOOKMARK [0][-]{part.1}{\376\377\000I\000\040\000L\000e\000v\000e\000l\000\040\0001\000\040\040\023\000\040\000G\000r\000a\000d\000e\000\040\0001\0000\000:\000\040\000U\000n\000d\000e\000r\000s\000t\000a\000n\000d\000\040\000t\000h\000e\000\040\000N\000u\000m\000b\000e\000r\000s\000\040\000B\000e\000f\000o\000r\000e\000\040\000U\000s\000i\000n\000g\000\040\000T\000h\000e\000m}{}% 2
\BOOKMARK [1][-]{section.2}{\376\377\000W\000h\000a\000t\000\040\000i\000s\000\040\000a\000\040\000p\000r\000o\000b\000a\000b\000i\000l\000i\000t\000y\000?}{part.1}% 3
\BOOKMARK [1][-]{section.3}{\376\377\000R\000e\000t\000u\000r\000n\000\040\000a\000n\000d\000\040\000b\000e\000n\000c\000h\000m\000a\000r\000k}{part.1}% 4
\BOOKMARK [1][-]{section.4}{\376\377\000W\000h\000a\000t\000\040\000d\000o\000e\000s\000\040\000`\000`\000u\000n\000c\000e\000r\000t\000a\000i\000n\000t\000y\000'\000'\000\040\000m\000e\000a\000n\000?}{part.1}% 5
\BOOKMARK [1][-]{section.5}{\376\377\000A\000\040\000f\000i\000r\000s\000t\000\040\000f\000o\000r\000e\000c\000a\000s\000t\000\040\000e\000x\000a\000m\000p\000l\000e}{part.1}% 6
\BOOKMARK [1][-]{section.6}{\376\377\000W\000h\000a\000t\000\040\000t\000o\000\040\000l\000o\000o\000k\000\040\000a\000t\000\040\000b\000e\000f\000o\000r\000e\000\040\000t\000r\000u\000s\000t\000i\000n\000g\000\040\000a\000\040\000f\000o\000r\000e\000c\000a\000s\000t}{part.1}% 7
\BOOKMARK [0][-]{part.2}{\376\377\000I\000I\000\040\000L\000e\000v\000e\000l\000\040\0002\000\040\040\023\000\040\000H\000i\000g\000h\000\040\000S\000c\000h\000o\000o\000l\000\040\000t\000o\000\040\000E\000a\000r\000l\000y\000\040\000U\000n\000i\000v\000e\000r\000s\000i\000t\000y\000:\000\040\000U\000s\000e\000\040\000F\000i\000n\000C\000o\000m\000p\000a\000s\000s\000\040\000C\000o\000r\000r\000e\000c\000t\000l\000y}{}% 8
\BOOKMARK [1][-]{section.7}{\376\377\000G\000u\000i\000d\000e\000d\000\040\000w\000o\000r\000k\000f\000l\000o\000w}{part.2}% 9
\BOOKMARK [2][-]{subsection.7.1}{\376\377\000A\000n\000a\000l\000y\000z\000e}{section.7}% 10
\BOOKMARK [2][-]{subsection.7.2}{\376\377\000S\000c\000r\000e\000e\000n\000e\000r\000\040\000a\000n\000d\000\040\000m\000a\000r\000k\000e\000t\000\040\000d\000i\000s\000c\000o\000v\000e\000r\000y}{section.7}% 11
\BOOKMARK [2][-]{subsection.7.3}{\376\377\000F\000o\000r\000e\000c\000a\000s\000t}{section.7}% 12
\BOOKMARK [2][-]{subsection.7.4}{\376\377\000A\000c\000t\000i\000v\000a\000t\000e}{section.7}% 13
\BOOKMARK [2][-]{subsection.7.5}{\376\377\000L\000i\000v\000e}{section.7}% 14
\BOOKMARK [1][-]{section.8}{\376\377\000V\000e\000r\000s\000i\000o\000n\000\040\0002\000.\0000\000:\000\040\000a\000\040\000n\000e\000w\000\040\000t\000i\000c\000k\000e\000r\000\040\000s\000h\000o\000u\000l\000d\000\040\000n\000o\000t\000\040\000r\000e\000q\000u\000i\000r\000e\000\040\000a\000\040\000m\000o\000d\000e\000l\000i\000n\000g\000\040\000d\000e\000g\000r\000e\000e}{part.2}% 15
\BOOKMARK [1][-]{section.9}{\376\377\000V\000e\000r\000s\000i\000o\000n\000\040\0002\000.\0000\000\040\000e\000v\000i\000d\000e\000n\000c\000e\000\040\000h\000i\000e\000r\000a\000r\000c\000h\000y}{part.2}% 16
\BOOKMARK [1][-]{section.10}{\376\377\000T\000h\000e\000\040\000b\000u\000n\000d\000l\000e\000d\000\040\0001\0002\000-\000m\000o\000n\000t\000h\000\040\000m\000o\000d\000e\000l}{part.2}% 17
\BOOKMARK [1][-]{section.11}{\376\377\000W\000h\000y\000\040\0006\000-\000m\000o\000n\000t\000h\000,\000\040\0002\000-\000y\000e\000a\000r\000,\000\040\000a\000n\000d\000\040\0003\000-\000y\000e\000a\000r\000\040\000c\000h\000o\000i\000c\000e\000s\000\040\000m\000a\000y\000\040\000b\000e\000\040\000u\000n\000a\000v\000a\000i\000l\000a\000b\000l\000e}{part.2}% 18
\BOOKMARK [1][-]{section.12}{\376\377\000A\000\040\000s\000i\000m\000p\000l\000e\000\040\000c\000h\000e\000c\000k\000l\000i\000s\000t\000\040\000f\000o\000r\000\040\000n\000o\000r\000m\000a\000l\000\040\000u\000s\000e\000r\000s}{part.2}% 19
\BOOKMARK [0][-]{part.3}{\376\377\000I\000I\000I\000\040\000L\000e\000v\000e\000l\000\040\0003\000\040\040\023\000\040\000U\000n\000d\000e\000r\000g\000r\000a\000d\000u\000a\000t\000e\000\040\000a\000n\000d\000\040\000P\000r\000a\000c\000t\000i\000t\000i\000o\000n\000e\000r\000:\000\040\000L\000e\000a\000r\000n\000\040\000W\000h\000y\000\040\000t\000h\000e\000\040\000G\000a\000t\000e\000s\000\040\000E\000x\000i\000s\000t}{}% 20
\BOOKMARK [1][-]{section.13}{\376\377\000C\000a\000l\000i\000b\000r\000a\000t\000i\000o\000n\000:\000\040\000d\000o\000e\000s\000\040\0007\0000\000\045\000\040\000b\000e\000h\000a\000v\000e\000\040\000l\000i\000k\000e\000\040\0007\0000\000\045\000?}{part.3}% 21
\BOOKMARK [1][-]{section.14}{\376\377\000B\000r\000i\000e\000r\000\040\000s\000c\000o\000r\000e}{part.3}% 22
\BOOKMARK [1][-]{section.15}{\376\377\000L\000o\000g\000\040\000l\000o\000s\000s}{part.3}% 23
\BOOKMARK [1][-]{section.16}{\376\377\000R\000O\000C\000\040\000A\000U\000C\000\040\000a\000n\000d\000\040\000w\000h\000y\000\040\000i\000t\000\040\000i\000s\000\040\000n\000o\000t\000\040\000e\000n\000o\000u\000g\000h}{part.3}% 24
\BOOKMARK [1][-]{section.17}{\376\377\000E\000x\000p\000e\000c\000t\000e\000d\000\040\000c\000a\000l\000i\000b\000r\000a\000t\000i\000o\000n\000\040\000e\000r\000r\000o\000r}{part.3}% 25
\BOOKMARK [1][-]{section.18}{\376\377\000W\000h\000y\000\040\000r\000a\000n\000d\000o\000m\000\040\000t\000r\000a\000i\000n\000/\000t\000e\000s\000t\000\040\000s\000p\000l\000i\000t\000t\000i\000n\000g\000\040\000i\000s\000\040\000d\000a\000n\000g\000e\000r\000o\000u\000s\000\040\000i\000n\000\040\000m\000a\000r\000k\000e\000t\000s}{part.3}% 26
\BOOKMARK [1][-]{section.19}{\376\377\000W\000h\000y\000\040\000t\000h\000e\000\040\000l\000o\000c\000k\000e\000d\000\040\000t\000e\000s\000t\000\040\000s\000t\000a\000y\000s\000\040\000l\000o\000c\000k\000e\000d}{part.3}% 27
\BOOKMARK [1][-]{section.20}{\376\377\000V\000a\000l\000i\000d\000a\000t\000i\000o\000n\000\040\000t\000i\000e\000r\000s}{part.3}% 28
\BOOKMARK [0][-]{part.4}{\376\377\000I\000V\000\040\000L\000e\000v\000e\000l\000\040\0004\000\040\040\023\000\040\000G\000r\000a\000d\000u\000a\000t\000e\000\040\000S\000t\000u\000d\000e\000n\000t\000:\000\040\000F\000o\000l\000l\000o\000w\000\040\000t\000h\000e\000\040\000M\000o\000d\000e\000l\000\040\000M\000a\000t\000h\000e\000m\000a\000t\000i\000c\000s}{}% 29
\BOOKMARK [1][-]{section.21}{\376\377\000D\000e\000f\000i\000n\000i\000n\000g\000\040\000t\000h\000e\000\040\000f\000o\000r\000e\000c\000a\000s\000t\000\040\000e\000v\000e\000n\000t}{part.4}% 30
\BOOKMARK [1][-]{section.22}{\376\377\000F\000e\000a\000t\000u\000r\000e\000\040\000c\000o\000n\000t\000r\000a\000c\000t\000\040\000o\000f\000\040\000t\000h\000e\000\040\000b\000u\000n\000d\000l\000e\000d\000\040\000r\000e\000s\000e\000a\000r\000c\000h\000\040\000m\000o\000d\000e\000l}{part.4}% 31
\BOOKMARK [1][-]{section.23}{\376\377\000B\000a\000y\000e\000s\000i\000a\000n\000\040\000l\000o\000g\000i\000s\000t\000i\000c\000\040\000c\000o\000m\000p\000o\000n\000e\000n\000t}{part.4}% 32
\BOOKMARK [1][-]{section.24}{\376\377\000N\000o\000n\000l\000i\000n\000e\000a\000r\000\040\000c\000o\000m\000p\000o\000n\000e\000n\000t\000s}{part.4}% 33
\BOOKMARK [1][-]{section.25}{\376\377\000C\000o\000m\000p\000o\000n\000e\000n\000t\000\040\000c\000a\000l\000i\000b\000r\000a\000t\000i\000o\000n\000\040\000a\000n\000d\000\040\000s\000t\000a\000c\000k\000i\000n\000g}{part.4}% 34
\BOOKMARK [1][-]{section.26}{\376\377\000T\000h\000e\000\040\000r\000e\000a\000l\000\040\000h\000i\000s\000t\000o\000r\000i\000c\000a\000l\000\040\0001\0002\000-\000m\000o\000n\000t\000h\000\040\000r\000e\000s\000u\000l\000t}{part.4}% 35
\BOOKMARK [1][-]{section.27}{\376\377\000D\000e\000p\000e\000n\000d\000e\000n\000c\000e\000-\000a\000w\000a\000r\000e\000\040\000b\000o\000o\000t\000s\000t\000r\000a\000p}{part.4}% 36
\BOOKMARK [0][-]{part.5}{\376\377\000V\000\040\000L\000e\000v\000e\000l\000\040\0005\000\040\040\023\000\040\000P\000r\000o\000f\000e\000s\000s\000o\000r\000\040\000a\000n\000d\000\040\000Q\000u\000a\000n\000t\000i\000t\000a\000t\000i\000v\000e\000\040\000R\000e\000s\000e\000a\000r\000c\000h\000e\000r\000:\000\040\000A\000u\000d\000i\000t\000\040\000t\000h\000e\000\040\000S\000c\000i\000e\000n\000t\000i\000f\000i\000c\000\040\000C\000o\000n\000t\000r\000a\000c\000t}{}% 37
\BOOKMARK [1][-]{section.28}{\376\377\000T\000h\000e\000\040\000c\000o\000r\000e\000\040\000i\000n\000f\000e\000r\000e\000n\000t\000i\000a\000l\000\040\000p\000r\000o\000b\000l\000e\000m}{part.5}% 38
\BOOKMARK [1][-]{section.29}{\376\377\000W\000h\000y\000\040\000v\000a\000l\000i\000d\000a\000t\000e\000d\000\137\000r\000e\000s\000e\000a\000r\000c\000h\000\040\000i\000s\000\040\000n\000o\000t\000\040\000v\000a\000l\000i\000d\000a\000t\000e\000d\000\137\000m\000a\000r\000k\000e\000t}{part.5}% 39
\BOOKMARK [1][-]{section.30}{\376\377\000M\000u\000l\000t\000i\000p\000l\000e\000\040\000t\000e\000s\000t\000i\000n\000g\000\040\000a\000n\000d\000\040\000m\000o\000d\000e\000l\000-\000s\000e\000a\000r\000c\000h\000\040\000g\000o\000v\000e\000r\000n\000a\000n\000c\000e}{part.5}% 40
\BOOKMARK [1][-]{section.31}{\376\377\000R\000e\000g\000i\000m\000e\000-\000a\000w\000a\000r\000e\000\040\000B\000a\000y\000e\000s\000i\000a\000n\000\040\000r\000e\000s\000e\000a\000r\000c\000h\000\040\000m\000o\000d\000e\000l}{part.5}% 41
\BOOKMARK [1][-]{section.32}{\376\377\000T\000h\000e\000\040\000m\000o\000d\000e\000l\000\040\000l\000a\000d\000d\000e\000r}{part.5}% 42
\BOOKMARK [1][-]{section.33}{\376\377\000L\000i\000v\000e\000\040\000a\000d\000a\000p\000t\000a\000t\000i\000o\000n\000\040\000a\000s\000\040\000a\000\040\000b\000o\000u\000n\000d\000e\000d\000\040\000r\000e\000s\000i\000d\000u\000a\000l}{part.5}% 43
\BOOKMARK [1][-]{section.34}{\376\377\000P\000r\000e\000d\000i\000c\000t\000\040\000f\000i\000r\000s\000t\000,\000\040\000u\000p\000d\000a\000t\000e\000\040\000l\000a\000t\000e\000r}{part.5}% 44
\BOOKMARK [1][-]{section.35}{\376\377\000S\000e\000q\000u\000e\000n\000t\000i\000a\000l\000\040\000B\000a\000y\000e\000s\000i\000a\000n\000\040\000u\000p\000d\000a\000t\000e}{part.5}% 45
\BOOKMARK [1][-]{section.36}{\376\377\000P\000r\000e\000q\000u\000e\000n\000t\000i\000a\000l\000\040\000c\000o\000n\000t\000r\000o\000l\000\040\000g\000a\000t\000e}{part.5}% 46
\BOOKMARK [1][-]{section.37}{\376\377\000D\000r\000i\000f\000t\000\040\000p\000r\000o\000t\000e\000c\000t\000i\000o\000n}{part.5}% 47
\BOOKMARK [1][-]{section.38}{\376\377\000M\000a\000r\000k\000e\000t\000\040\000d\000i\000s\000c\000o\000v\000e\000r\000y\000\040\000v\000e\000r\000s\000u\000s\000\040\000t\000r\000a\000i\000n\000i\000n\000g\000\040\000u\000n\000i\000v\000e\000r\000s\000e}{part.5}% 48
\BOOKMARK [1][-]{section.39}{\376\377\000D\000a\000t\000a\000\040\000a\000n\000d\000\040\000m\000o\000d\000e\000l\000\040\000s\000h\000a\000r\000i\000n\000g\000\040\000b\000o\000u\000n\000d\000a\000r\000y}{part.5}% 49
\BOOKMARK [1][-]{section.40}{\376\377\000R\000e\000s\000e\000a\000r\000c\000h\000\040\000d\000i\000r\000e\000c\000t\000i\000o\000n\000s}{part.5}% 50
\BOOKMARK [0][-]{part.6}{\376\377\000V\000I\000\040\000O\000p\000e\000r\000a\000t\000i\000o\000n\000a\000l\000\040\000a\000n\000d\000\040\000R\000e\000s\000e\000a\000r\000c\000h\000\040\000R\000e\000f\000e\000r\000e\000n\000c\000e}{}% 51
\BOOKMARK [1][-]{section.41}{\376\377\000M\000o\000d\000e\000l\000\040\000s\000e\000l\000e\000c\000t\000i\000o\000n\000\040\000w\000o\000r\000k\000f\000l\000o\000w}{part.6}% 52
\BOOKMARK [1][-]{section.42}{\376\377\000I\000n\000t\000e\000r\000p\000r\000e\000t\000i\000n\000g\000\040\000t\000h\000e\000\040\000m\000a\000i\000n\000\040\000d\000i\000a\000g\000n\000o\000s\000t\000i\000c\000s}{part.6}% 53
\BOOKMARK [1][-]{section.43}{\376\377\000W\000h\000a\000t\000\040\000a\000\040\000p\000r\000o\000f\000e\000s\000s\000o\000r\000\040\000s\000h\000o\000u\000l\000d\000\040\000c\000h\000a\000l\000l\000e\000n\000g\000e}{part.6}% 54
\BOOKMARK [1][-]{section.44}{\376\377\000W\000h\000a\000t\000\040\000F\000i\000n\000C\000o\000m\000p\000a\000s\000s\000\040\000d\000e\000l\000i\000b\000e\000r\000a\000t\000e\000l\000y\000\040\000r\000e\000f\000u\000s\000e\000s\000\040\000t\000o\000\040\000c\000l\000a\000i\000m}{part.6}% 55
\BOOKMARK [1][-]{section.45}{\376\377\000S\000u\000m\000m\000a\000r\000y\000\040\000b\000y\000\040\000a\000u\000d\000i\000e\000n\000c\000e}{part.6}% 56
\BOOKMARK [1][-]{section.46}{\376\377\000C\000l\000o\000s\000i\000n\000g\000\040\000p\000e\000r\000s\000p\000e\000c\000t\000i\000v\000e}{part.6}% 57
\BOOKMARK [1][-]{section.47}{\376\377\000V\000e\000r\000s\000i\000o\000n\000\040\0002\000.\0000\000\040\000t\000r\000a\000n\000s\000p\000a\000r\000e\000n\000t\000\040\000q\000u\000a\000n\000t\000i\000t\000a\000t\000i\000v\000e\000\040\000a\000n\000a\000l\000y\000t\000i\000c\000s}{part.6}% 58
