\BOOKMARK [1][-]{section.1}{\376\377\000W\000h\000a\000t\000\040\000F\000i\000n\000C\000o\000m\000p\000a\000s\000s\000\040\000d\000o\000e\000s}{}% 1
\BOOKMARK [1][-]{section.2}{\376\377\000T\000h\000e\000\040\000s\000h\000o\000r\000t\000e\000s\000t\000\040\000u\000s\000e\000f\000u\000l\000\040\000w\000o\000r\000k\000f\000l\000o\000w}{}% 2
\BOOKMARK [1][-]{section.3}{\376\377\000A\000\040\000n\000e\000w\000\040\000t\000i\000c\000k\000e\000r\000\040\000s\000h\000o\000u\000l\000d\000\040\000f\000e\000e\000l\000\040\000s\000i\000m\000p\000l\000e}{}% 3
\BOOKMARK [1][-]{section.4}{\376\377\000F\000o\000r\000e\000c\000a\000s\000t\000\040\000e\000v\000i\000d\000e\000n\000c\000e\000\040\000l\000a\000b\000e\000l\000s}{}% 4
\BOOKMARK [2][-]{subsection.4.1}{\376\377\000L\000i\000m\000i\000t\000e\000d\000\040\000e\000v\000i\000d\000e\000n\000c\000e}{section.4}% 5
\BOOKMARK [2][-]{subsection.4.2}{\376\377\000V\000a\000l\000i\000d\000a\000t\000e\000d\000\040\000r\000e\000s\000e\000a\000r\000c\000h}{section.4}% 6
\BOOKMARK [2][-]{subsection.4.3}{\376\377\000V\000a\000l\000i\000d\000a\000t\000e\000d\000\040\000m\000a\000r\000k\000e\000t}{section.4}% 7
\BOOKMARK [1][-]{section.5}{\376\377\000W\000h\000y\000\040\000a\000\040\000m\000o\000d\000e\000l\000\040\000m\000a\000y\000\040\000e\000x\000i\000s\000t\000\040\000e\000v\000e\000n\000\040\000w\000h\000e\000n\000\040\000i\000t\000\040\000d\000o\000e\000s\000\040\000n\000o\000t\000\040\000`\000`\000b\000e\000a\000t\000\040\000t\000h\000e\000\040\000m\000a\000r\000k\000e\000t\000'\000'}{}% 8
\BOOKMARK [1][-]{section.6}{\376\377\000S\000u\000p\000p\000o\000r\000t\000e\000d\000\040\000m\000o\000d\000e\000l\000\040\000h\000o\000r\000i\000z\000o\000n\000s\000\040\000i\000n\000\040\000t\000h\000e\000\040\000b\000u\000n\000d\000l\000e\000d\000\040\000r\000e\000s\000e\000a\000r\000c\000h\000\040\000p\000a\000c\000k\000a\000g\000e}{}% 9
\BOOKMARK [1][-]{section.7}{\376\377\000U\000n\000s\000u\000p\000p\000o\000r\000t\000e\000d\000\040\000s\000e\000c\000u\000r\000i\000t\000i\000e\000s}{}% 10
\BOOKMARK [1][-]{section.8}{\376\377\000D\000a\000t\000a\000\040\000f\000r\000e\000s\000h\000n\000e\000s\000s}{}% 11
\BOOKMARK [1][-]{section.9}{\376\377\000M\000o\000d\000e\000l\000\040\000f\000r\000e\000s\000h\000n\000e\000s\000s}{}% 12
\BOOKMARK [1][-]{section.10}{\376\377\000U\000p\000d\000a\000t\000i\000n\000g\000\040\000a\000\040\000m\000o\000d\000e\000l}{}% 13
\BOOKMARK [1][-]{section.11}{\376\377\000W\000h\000y\000\040\000f\000u\000t\000u\000r\000e\000\040\000l\000a\000b\000e\000l\000s\000\040\000m\000u\000s\000t\000\040\000m\000a\000t\000u\000r\000e}{}% 14
\BOOKMARK [1][-]{section.12}{\376\377\000L\000i\000v\000e}{}% 15
\BOOKMARK [1][-]{section.13}{\376\377\000P\000e\000r\000f\000o\000r\000m\000a\000n\000c\000e\000\040\000a\000n\000a\000l\000y\000t\000i\000c\000s}{}% 16
\BOOKMARK [1][-]{section.14}{\376\377\000R\000i\000s\000k\000\040\000a\000n\000a\000l\000y\000t\000i\000c\000s}{}% 17
\BOOKMARK [1][-]{section.15}{\376\377\000T\000e\000c\000h\000n\000i\000c\000a\000l\000\040\000a\000n\000a\000l\000y\000t\000i\000c\000s}{}% 18
\BOOKMARK [1][-]{section.16}{\376\377\000V\000a\000l\000u\000a\000t\000i\000o\000n}{}% 19
\BOOKMARK [1][-]{section.17}{\376\377\000F\000i\000x\000e\000d\000\040\000i\000n\000c\000o\000m\000e}{}% 20
\BOOKMARK [1][-]{section.18}{\376\377\000O\000p\000t\000i\000o\000n\000s}{}% 21
\BOOKMARK [1][-]{section.19}{\376\377\000P\000o\000r\000t\000f\000o\000l\000i\000o\000\040\000a\000n\000a\000l\000y\000t\000i\000c\000s}{}% 22
\BOOKMARK [1][-]{section.20}{\376\377\000R\000e\000s\000e\000a\000r\000c\000h\000\040\000D\000e\000t\000a\000i\000l\000s\000:\000\040\000B\000a\000y\000e\000s\000i\000a\000n\000\040\000m\000o\000d\000e\000l}{}% 23
\BOOKMARK [1][-]{section.21}{\376\377\000R\000e\000s\000e\000a\000r\000c\000h\000\040\000D\000e\000t\000a\000i\000l\000s\000:\000\040\000r\000e\000g\000i\000m\000e\000-\000a\000w\000a\000r\000e\000\040\000B\000a\000y\000e\000s\000i\000a\000n\000\040\000m\000o\000d\000e\000l}{}% 24
\BOOKMARK [1][-]{section.22}{\376\377\000R\000e\000s\000e\000a\000r\000c\000h\000\040\000D\000e\000t\000a\000i\000l\000s\000:\000\040\000p\000r\000o\000p\000e\000r\000\040\000s\000c\000o\000r\000e\000s}{}% 25
\BOOKMARK [1][-]{section.23}{\376\377\000R\000e\000s\000e\000a\000r\000c\000h\000\040\000D\000e\000t\000a\000i\000l\000s\000:\000\040\000l\000o\000c\000k\000e\000d\000\040\000t\000e\000s\000t}{}% 26
\BOOKMARK [1][-]{section.24}{\376\377\000R\000e\000s\000e\000a\000r\000c\000h\000\040\000D\000e\000t\000a\000i\000l\000s\000:\000\040\000t\000h\000e\000\040\000c\000u\000r\000r\000e\000n\000t\000\040\000b\000u\000n\000d\000l\000e\000d\000\040\000e\000v\000i\000d\000e\000n\000c\000e}{}% 27
\BOOKMARK [1][-]{section.25}{\376\377\000R\000e\000s\000e\000a\000r\000c\000h\000\040\000D\000e\000t\000a\000i\000l\000s\000:\000\040\000a\000p\000p\000l\000i\000c\000a\000b\000i\000l\000i\000t\000y}{}% 28
\BOOKMARK [1][-]{section.26}{\376\377\000R\000e\000s\000e\000a\000r\000c\000h\000\040\000D\000e\000t\000a\000i\000l\000s\000:\000\040\000a\000n\000a\000l\000y\000t\000i\000c\000s\000\040\000v\000e\000r\000s\000u\000s\000\040\000f\000e\000a\000t\000u\000r\000e\000s}{}% 29
\BOOKMARK [1][-]{section.27}{\376\377\000W\000h\000a\000t\000\040\000F\000i\000n\000C\000o\000m\000p\000a\000s\000s\000\040\000d\000o\000e\000s\000\040\000n\000o\000t\000\040\000c\000l\000a\000i\000m}{}% 30
\BOOKMARK [1][-]{section.28}{\376\377\000A\000\040\000p\000r\000a\000c\000t\000i\000c\000a\000l\000\040\000c\000h\000e\000c\000k\000l\000i\000s\000t}{}% 31
